Archive member included to satisfy reference by file (symbol)

c:/program files/microchip/xc8/v2.36/avr/bin/../lib/gcc/avr/5.4.0/../../../../avr/lib/avrxmega3/short-calls\libm.a(addsf3.o)
                              output_control.o (__addsf3)
c:/program files/microchip/xc8/v2.36/avr/bin/../lib/gcc/avr/5.4.0/../../../../avr/lib/avrxmega3/short-calls\libm.a(addsf3x.o)
                              c:/program files/microchip/xc8/v2.36/avr/bin/../lib/gcc/avr/5.4.0/../../../../avr/lib/avrxmega3/short-calls\libm.a(addsf3.o) (__addsf3x)
c:/program files/microchip/xc8/v2.36/avr/bin/../lib/gcc/avr/5.4.0/../../../../avr/lib/avrxmega3/short-calls\libm.a(divsf3.o)
                              output_control.o (__divsf3)
c:/program files/microchip/xc8/v2.36/avr/bin/../lib/gcc/avr/5.4.0/../../../../avr/lib/avrxmega3/short-calls\libm.a(divsf3x.o)
                              c:/program files/microchip/xc8/v2.36/avr/bin/../lib/gcc/avr/5.4.0/../../../../avr/lib/avrxmega3/short-calls\libm.a(divsf3.o) (__divsf3x)
c:/program files/microchip/xc8/v2.36/avr/bin/../lib/gcc/avr/5.4.0/../../../../avr/lib/avrxmega3/short-calls\libm.a(fixunssfsi.o)
                              output_control.o (__fixunssfsi)
c:/program files/microchip/xc8/v2.36/avr/bin/../lib/gcc/avr/5.4.0/../../../../avr/lib/avrxmega3/short-calls\libm.a(floatsisf.o)
                              output_control.o (__floatunsisf)
c:/program files/microchip/xc8/v2.36/avr/bin/../lib/gcc/avr/5.4.0/../../../../avr/lib/avrxmega3/short-calls\libm.a(fp_inf.o)
                              c:/program files/microchip/xc8/v2.36/avr/bin/../lib/gcc/avr/5.4.0/../../../../avr/lib/avrxmega3/short-calls\libm.a(addsf3x.o) (__fp_inf)
c:/program files/microchip/xc8/v2.36/avr/bin/../lib/gcc/avr/5.4.0/../../../../avr/lib/avrxmega3/short-calls\libm.a(fp_nan.o)
                              c:/program files/microchip/xc8/v2.36/avr/bin/../lib/gcc/avr/5.4.0/../../../../avr/lib/avrxmega3/short-calls\libm.a(addsf3x.o) (__fp_nan)
c:/program files/microchip/xc8/v2.36/avr/bin/../lib/gcc/avr/5.4.0/../../../../avr/lib/avrxmega3/short-calls\libm.a(fp_pscA.o)
                              c:/program files/microchip/xc8/v2.36/avr/bin/../lib/gcc/avr/5.4.0/../../../../avr/lib/avrxmega3/short-calls\libm.a(addsf3x.o) (__fp_pscA)
c:/program files/microchip/xc8/v2.36/avr/bin/../lib/gcc/avr/5.4.0/../../../../avr/lib/avrxmega3/short-calls\libm.a(fp_pscB.o)
                              c:/program files/microchip/xc8/v2.36/avr/bin/../lib/gcc/avr/5.4.0/../../../../avr/lib/avrxmega3/short-calls\libm.a(addsf3x.o) (__fp_pscB)
c:/program files/microchip/xc8/v2.36/avr/bin/../lib/gcc/avr/5.4.0/../../../../avr/lib/avrxmega3/short-calls\libm.a(fp_round.o)
                              c:/program files/microchip/xc8/v2.36/avr/bin/../lib/gcc/avr/5.4.0/../../../../avr/lib/avrxmega3/short-calls\libm.a(addsf3.o) (__fp_round)
c:/program files/microchip/xc8/v2.36/avr/bin/../lib/gcc/avr/5.4.0/../../../../avr/lib/avrxmega3/short-calls\libm.a(fp_split3.o)
                              c:/program files/microchip/xc8/v2.36/avr/bin/../lib/gcc/avr/5.4.0/../../../../avr/lib/avrxmega3/short-calls\libm.a(addsf3x.o) (__fp_split3)
c:/program files/microchip/xc8/v2.36/avr/bin/../lib/gcc/avr/5.4.0/../../../../avr/lib/avrxmega3/short-calls\libm.a(fp_zero.o)
                              c:/program files/microchip/xc8/v2.36/avr/bin/../lib/gcc/avr/5.4.0/../../../../avr/lib/avrxmega3/short-calls\libm.a(addsf3x.o) (__fp_zero)
c:/program files/microchip/xc8/v2.36/avr/bin/../lib/gcc/avr/5.4.0/../../../../avr/lib/avrxmega3/short-calls\libm.a(mulsf3.o)
                              output_control.o (__mulsf3)
c:/program files/microchip/xc8/v2.36/avr/bin/../lib/gcc/avr/5.4.0/../../../../avr/lib/avrxmega3/short-calls\libm.a(mulsf3x.o)
                              c:/program files/microchip/xc8/v2.36/avr/bin/../lib/gcc/avr/5.4.0/../../../../avr/lib/avrxmega3/short-calls\libm.a(mulsf3.o) (__mulsf3x)
c:/program files/microchip/xc8/v2.36/avr/bin/../lib/gcc/avr/5.4.0/avrxmega3/short-calls\libgcc.a(_copy_data.o)
                              main.o (__do_copy_data)
c:/program files/microchip/xc8/v2.36/avr/bin/../lib/gcc/avr/5.4.0/../../../../avr/lib/avrxmega3/short-calls\libc.a(exit.o)
                              C:/Program Files (x86)/Atmel/Studio/7.0/Packs/atmel/ATtiny_DFP/1.10.348/xc8/avr/lib/avrxmega3/short-calls/crtattiny814.o (exit)
c:/program files/microchip/xc8/v2.36/avr/bin/../lib/gcc/avr/5.4.0/../../../../avr/lib/avrxmega3/short-calls\libc.a(_Exit.o)
                              c:/program files/microchip/xc8/v2.36/avr/bin/../lib/gcc/avr/5.4.0/../../../../avr/lib/avrxmega3/short-calls\libc.a(exit.o) (_Exit)
c:/program files/microchip/xc8/v2.36/avr/bin/../lib/gcc/avr/5.4.0/avrxmega3/short-calls\libgcc.a(_exit.o)
                              c:/program files/microchip/xc8/v2.36/avr/bin/../lib/gcc/avr/5.4.0/../../../../avr/lib/avrxmega3/short-calls\libc.a(_Exit.o) (_exit)

Allocating common symbols
Common symbol       size              file

RTC_VAL             0x2               button_handler.o
led_strip           0x3c              main.o

Discarded input sections

 .data          0x0000000000000000        0x0 C:/Program Files (x86)/Atmel/Studio/7.0/Packs/atmel/ATtiny_DFP/1.10.348/xc8/avr/lib/avrxmega3/short-calls/crtattiny814.o
 .bss           0x0000000000000000        0x0 C:/Program Files (x86)/Atmel/Studio/7.0/Packs/atmel/ATtiny_DFP/1.10.348/xc8/avr/lib/avrxmega3/short-calls/crtattiny814.o
 .text          0x0000000000000000        0x0 button_handler.o
 .data          0x0000000000000000        0x0 button_handler.o
 .bss           0x0000000000000000        0x0 button_handler.o
 COMMON         0x0000000000000000        0x2 button_handler.o
 .text          0x0000000000000000        0x0 main.o
 .data          0x0000000000000000        0x0 main.o
 .bss           0x0000000000000000        0x0 main.o
 .bss.engine_temperature
                0x0000000000000000        0x4 main.o
 .data.strip    0x0000000000000000        0x2 main.o
 .text          0x0000000000000000        0x0 output_control.o
 .data          0x0000000000000000        0x0 output_control.o
 .bss           0x0000000000000000        0x0 output_control.o
 .text.read_temperature
                0x0000000000000000       0x28 output_control.o
 .text          0x0000000000000000        0x0 Ws2812.o
 .data          0x0000000000000000        0x0 Ws2812.o
 .bss           0x0000000000000000        0x0 Ws2812.o
 .data          0x0000000000000000        0x0 c:/program files/microchip/xc8/v2.36/avr/bin/../lib/gcc/avr/5.4.0/../../../../avr/lib/avrxmega3/short-calls\libm.a(addsf3.o)
 .bss           0x0000000000000000        0x0 c:/program files/microchip/xc8/v2.36/avr/bin/../lib/gcc/avr/5.4.0/../../../../avr/lib/avrxmega3/short-calls\libm.a(addsf3.o)
 .stack.descriptors
                0x0000000000000000       0x2c c:/program files/microchip/xc8/v2.36/avr/bin/../lib/gcc/avr/5.4.0/../../../../avr/lib/avrxmega3/short-calls\libm.a(addsf3.o)
 .data          0x0000000000000000        0x0 c:/program files/microchip/xc8/v2.36/avr/bin/../lib/gcc/avr/5.4.0/../../../../avr/lib/avrxmega3/short-calls\libm.a(addsf3x.o)
 .bss           0x0000000000000000        0x0 c:/program files/microchip/xc8/v2.36/avr/bin/../lib/gcc/avr/5.4.0/../../../../avr/lib/avrxmega3/short-calls\libm.a(addsf3x.o)
 .stack.descriptors
                0x0000000000000000       0x17 c:/program files/microchip/xc8/v2.36/avr/bin/../lib/gcc/avr/5.4.0/../../../../avr/lib/avrxmega3/short-calls\libm.a(addsf3x.o)
 .data          0x0000000000000000        0x0 c:/program files/microchip/xc8/v2.36/avr/bin/../lib/gcc/avr/5.4.0/../../../../avr/lib/avrxmega3/short-calls\libm.a(divsf3.o)
 .bss           0x0000000000000000        0x0 c:/program files/microchip/xc8/v2.36/avr/bin/../lib/gcc/avr/5.4.0/../../../../avr/lib/avrxmega3/short-calls\libm.a(divsf3.o)
 .stack.descriptors
                0x0000000000000000       0x16 c:/program files/microchip/xc8/v2.36/avr/bin/../lib/gcc/avr/5.4.0/../../../../avr/lib/avrxmega3/short-calls\libm.a(divsf3.o)
 .data          0x0000000000000000        0x0 c:/program files/microchip/xc8/v2.36/avr/bin/../lib/gcc/avr/5.4.0/../../../../avr/lib/avrxmega3/short-calls\libm.a(divsf3x.o)
 .bss           0x0000000000000000        0x0 c:/program files/microchip/xc8/v2.36/avr/bin/../lib/gcc/avr/5.4.0/../../../../avr/lib/avrxmega3/short-calls\libm.a(divsf3x.o)
 .stack.descriptors
                0x0000000000000000       0x31 c:/program files/microchip/xc8/v2.36/avr/bin/../lib/gcc/avr/5.4.0/../../../../avr/lib/avrxmega3/short-calls\libm.a(divsf3x.o)
 .data          0x0000000000000000        0x0 c:/program files/microchip/xc8/v2.36/avr/bin/../lib/gcc/avr/5.4.0/../../../../avr/lib/avrxmega3/short-calls\libm.a(fixunssfsi.o)
 .bss           0x0000000000000000        0x0 c:/program files/microchip/xc8/v2.36/avr/bin/../lib/gcc/avr/5.4.0/../../../../avr/lib/avrxmega3/short-calls\libm.a(fixunssfsi.o)
 .stack.descriptors
                0x0000000000000000       0x1a c:/program files/microchip/xc8/v2.36/avr/bin/../lib/gcc/avr/5.4.0/../../../../avr/lib/avrxmega3/short-calls\libm.a(fixunssfsi.o)
 .data          0x0000000000000000        0x0 c:/program files/microchip/xc8/v2.36/avr/bin/../lib/gcc/avr/5.4.0/../../../../avr/lib/avrxmega3/short-calls\libm.a(floatsisf.o)
 .bss           0x0000000000000000        0x0 c:/program files/microchip/xc8/v2.36/avr/bin/../lib/gcc/avr/5.4.0/../../../../avr/lib/avrxmega3/short-calls\libm.a(floatsisf.o)
 .stack.descriptors
                0x0000000000000000       0x34 c:/program files/microchip/xc8/v2.36/avr/bin/../lib/gcc/avr/5.4.0/../../../../avr/lib/avrxmega3/short-calls\libm.a(floatsisf.o)
 .data          0x0000000000000000        0x0 c:/program files/microchip/xc8/v2.36/avr/bin/../lib/gcc/avr/5.4.0/../../../../avr/lib/avrxmega3/short-calls\libm.a(fp_inf.o)
 .bss           0x0000000000000000        0x0 c:/program files/microchip/xc8/v2.36/avr/bin/../lib/gcc/avr/5.4.0/../../../../avr/lib/avrxmega3/short-calls\libm.a(fp_inf.o)
 .stack.descriptors
                0x0000000000000000       0x16 c:/program files/microchip/xc8/v2.36/avr/bin/../lib/gcc/avr/5.4.0/../../../../avr/lib/avrxmega3/short-calls\libm.a(fp_inf.o)
 .data          0x0000000000000000        0x0 c:/program files/microchip/xc8/v2.36/avr/bin/../lib/gcc/avr/5.4.0/../../../../avr/lib/avrxmega3/short-calls\libm.a(fp_nan.o)
 .bss           0x0000000000000000        0x0 c:/program files/microchip/xc8/v2.36/avr/bin/../lib/gcc/avr/5.4.0/../../../../avr/lib/avrxmega3/short-calls\libm.a(fp_nan.o)
 .stack.descriptors
                0x0000000000000000       0x16 c:/program files/microchip/xc8/v2.36/avr/bin/../lib/gcc/avr/5.4.0/../../../../avr/lib/avrxmega3/short-calls\libm.a(fp_nan.o)
 .data          0x0000000000000000        0x0 c:/program files/microchip/xc8/v2.36/avr/bin/../lib/gcc/avr/5.4.0/../../../../avr/lib/avrxmega3/short-calls\libm.a(fp_pscA.o)
 .bss           0x0000000000000000        0x0 c:/program files/microchip/xc8/v2.36/avr/bin/../lib/gcc/avr/5.4.0/../../../../avr/lib/avrxmega3/short-calls\libm.a(fp_pscA.o)
 .stack.descriptors
                0x0000000000000000       0x17 c:/program files/microchip/xc8/v2.36/avr/bin/../lib/gcc/avr/5.4.0/../../../../avr/lib/avrxmega3/short-calls\libm.a(fp_pscA.o)
 .data          0x0000000000000000        0x0 c:/program files/microchip/xc8/v2.36/avr/bin/../lib/gcc/avr/5.4.0/../../../../avr/lib/avrxmega3/short-calls\libm.a(fp_pscB.o)
 .bss           0x0000000000000000        0x0 c:/program files/microchip/xc8/v2.36/avr/bin/../lib/gcc/avr/5.4.0/../../../../avr/lib/avrxmega3/short-calls\libm.a(fp_pscB.o)
 .stack.descriptors
                0x0000000000000000       0x17 c:/program files/microchip/xc8/v2.36/avr/bin/../lib/gcc/avr/5.4.0/../../../../avr/lib/avrxmega3/short-calls\libm.a(fp_pscB.o)
 .data          0x0000000000000000        0x0 c:/program files/microchip/xc8/v2.36/avr/bin/../lib/gcc/avr/5.4.0/../../../../avr/lib/avrxmega3/short-calls\libm.a(fp_round.o)
 .bss           0x0000000000000000        0x0 c:/program files/microchip/xc8/v2.36/avr/bin/../lib/gcc/avr/5.4.0/../../../../avr/lib/avrxmega3/short-calls\libm.a(fp_round.o)
 .stack.descriptors
                0x0000000000000000       0x18 c:/program files/microchip/xc8/v2.36/avr/bin/../lib/gcc/avr/5.4.0/../../../../avr/lib/avrxmega3/short-calls\libm.a(fp_round.o)
 .data          0x0000000000000000        0x0 c:/program files/microchip/xc8/v2.36/avr/bin/../lib/gcc/avr/5.4.0/../../../../avr/lib/avrxmega3/short-calls\libm.a(fp_split3.o)
 .bss           0x0000000000000000        0x0 c:/program files/microchip/xc8/v2.36/avr/bin/../lib/gcc/avr/5.4.0/../../../../avr/lib/avrxmega3/short-calls\libm.a(fp_split3.o)
 .stack.descriptors
                0x0000000000000000       0x32 c:/program files/microchip/xc8/v2.36/avr/bin/../lib/gcc/avr/5.4.0/../../../../avr/lib/avrxmega3/short-calls\libm.a(fp_split3.o)
 .data          0x0000000000000000        0x0 c:/program files/microchip/xc8/v2.36/avr/bin/../lib/gcc/avr/5.4.0/../../../../avr/lib/avrxmega3/short-calls\libm.a(fp_zero.o)
 .bss           0x0000000000000000        0x0 c:/program files/microchip/xc8/v2.36/avr/bin/../lib/gcc/avr/5.4.0/../../../../avr/lib/avrxmega3/short-calls\libm.a(fp_zero.o)
 .stack.descriptors
                0x0000000000000000       0x2f c:/program files/microchip/xc8/v2.36/avr/bin/../lib/gcc/avr/5.4.0/../../../../avr/lib/avrxmega3/short-calls\libm.a(fp_zero.o)
 .data          0x0000000000000000        0x0 c:/program files/microchip/xc8/v2.36/avr/bin/../lib/gcc/avr/5.4.0/../../../../avr/lib/avrxmega3/short-calls\libm.a(mulsf3.o)
 .bss           0x0000000000000000        0x0 c:/program files/microchip/xc8/v2.36/avr/bin/../lib/gcc/avr/5.4.0/../../../../avr/lib/avrxmega3/short-calls\libm.a(mulsf3.o)
 .stack.descriptors
                0x0000000000000000       0x16 c:/program files/microchip/xc8/v2.36/avr/bin/../lib/gcc/avr/5.4.0/../../../../avr/lib/avrxmega3/short-calls\libm.a(mulsf3.o)
 .data          0x0000000000000000        0x0 c:/program files/microchip/xc8/v2.36/avr/bin/../lib/gcc/avr/5.4.0/../../../../avr/lib/avrxmega3/short-calls\libm.a(mulsf3x.o)
 .bss           0x0000000000000000        0x0 c:/program files/microchip/xc8/v2.36/avr/bin/../lib/gcc/avr/5.4.0/../../../../avr/lib/avrxmega3/short-calls\libm.a(mulsf3x.o)
 .stack.descriptors
                0x0000000000000000       0x31 c:/program files/microchip/xc8/v2.36/avr/bin/../lib/gcc/avr/5.4.0/../../../../avr/lib/avrxmega3/short-calls\libm.a(mulsf3x.o)
 .text          0x0000000000000000        0x0 c:/program files/microchip/xc8/v2.36/avr/bin/../lib/gcc/avr/5.4.0/avrxmega3/short-calls\libgcc.a(_copy_data.o)
 .data          0x0000000000000000        0x0 c:/program files/microchip/xc8/v2.36/avr/bin/../lib/gcc/avr/5.4.0/avrxmega3/short-calls\libgcc.a(_copy_data.o)
 .bss           0x0000000000000000        0x0 c:/program files/microchip/xc8/v2.36/avr/bin/../lib/gcc/avr/5.4.0/avrxmega3/short-calls\libgcc.a(_copy_data.o)
 .text.libgcc.mul
                0x0000000000000000        0x0 c:/program files/microchip/xc8/v2.36/avr/bin/../lib/gcc/avr/5.4.0/avrxmega3/short-calls\libgcc.a(_copy_data.o)
 .text.libgcc.div
                0x0000000000000000        0x0 c:/program files/microchip/xc8/v2.36/avr/bin/../lib/gcc/avr/5.4.0/avrxmega3/short-calls\libgcc.a(_copy_data.o)
 .text.libgcc   0x0000000000000000        0x0 c:/program files/microchip/xc8/v2.36/avr/bin/../lib/gcc/avr/5.4.0/avrxmega3/short-calls\libgcc.a(_copy_data.o)
 .text.libgcc.prologue
                0x0000000000000000        0x0 c:/program files/microchip/xc8/v2.36/avr/bin/../lib/gcc/avr/5.4.0/avrxmega3/short-calls\libgcc.a(_copy_data.o)
 .text.libgcc.builtins
                0x0000000000000000        0x0 c:/program files/microchip/xc8/v2.36/avr/bin/../lib/gcc/avr/5.4.0/avrxmega3/short-calls\libgcc.a(_copy_data.o)
 .text.libgcc.fmul
                0x0000000000000000        0x0 c:/program files/microchip/xc8/v2.36/avr/bin/../lib/gcc/avr/5.4.0/avrxmega3/short-calls\libgcc.a(_copy_data.o)
 .text.libgcc.fixed
                0x0000000000000000        0x0 c:/program files/microchip/xc8/v2.36/avr/bin/../lib/gcc/avr/5.4.0/avrxmega3/short-calls\libgcc.a(_copy_data.o)
 .text          0x0000000000000000        0x0 c:/program files/microchip/xc8/v2.36/avr/bin/../lib/gcc/avr/5.4.0/../../../../avr/lib/avrxmega3/short-calls\libc.a(exit.o)
 .data          0x0000000000000000        0x0 c:/program files/microchip/xc8/v2.36/avr/bin/../lib/gcc/avr/5.4.0/../../../../avr/lib/avrxmega3/short-calls\libc.a(exit.o)
 .bss           0x0000000000000000        0x0 c:/program files/microchip/xc8/v2.36/avr/bin/../lib/gcc/avr/5.4.0/../../../../avr/lib/avrxmega3/short-calls\libc.a(exit.o)
 .text          0x0000000000000000        0x0 c:/program files/microchip/xc8/v2.36/avr/bin/../lib/gcc/avr/5.4.0/../../../../avr/lib/avrxmega3/short-calls\libc.a(_Exit.o)
 .data          0x0000000000000000        0x0 c:/program files/microchip/xc8/v2.36/avr/bin/../lib/gcc/avr/5.4.0/../../../../avr/lib/avrxmega3/short-calls\libc.a(_Exit.o)
 .bss           0x0000000000000000        0x0 c:/program files/microchip/xc8/v2.36/avr/bin/../lib/gcc/avr/5.4.0/../../../../avr/lib/avrxmega3/short-calls\libc.a(_Exit.o)
 .text          0x0000000000000000        0x0 c:/program files/microchip/xc8/v2.36/avr/bin/../lib/gcc/avr/5.4.0/avrxmega3/short-calls\libgcc.a(_exit.o)
 .data          0x0000000000000000        0x0 c:/program files/microchip/xc8/v2.36/avr/bin/../lib/gcc/avr/5.4.0/avrxmega3/short-calls\libgcc.a(_exit.o)
 .bss           0x0000000000000000        0x0 c:/program files/microchip/xc8/v2.36/avr/bin/../lib/gcc/avr/5.4.0/avrxmega3/short-calls\libgcc.a(_exit.o)
 .text.libgcc.mul
                0x0000000000000000        0x0 c:/program files/microchip/xc8/v2.36/avr/bin/../lib/gcc/avr/5.4.0/avrxmega3/short-calls\libgcc.a(_exit.o)
 .text.libgcc.div
                0x0000000000000000        0x0 c:/program files/microchip/xc8/v2.36/avr/bin/../lib/gcc/avr/5.4.0/avrxmega3/short-calls\libgcc.a(_exit.o)
 .text.libgcc   0x0000000000000000        0x0 c:/program files/microchip/xc8/v2.36/avr/bin/../lib/gcc/avr/5.4.0/avrxmega3/short-calls\libgcc.a(_exit.o)
 .text.libgcc.prologue
                0x0000000000000000        0x0 c:/program files/microchip/xc8/v2.36/avr/bin/../lib/gcc/avr/5.4.0/avrxmega3/short-calls\libgcc.a(_exit.o)
 .stack.descriptors
                0x0000000000000000       0x13 c:/program files/microchip/xc8/v2.36/avr/bin/../lib/gcc/avr/5.4.0/avrxmega3/short-calls\libgcc.a(_exit.o)
 .text.libgcc.builtins
                0x0000000000000000        0x0 c:/program files/microchip/xc8/v2.36/avr/bin/../lib/gcc/avr/5.4.0/avrxmega3/short-calls\libgcc.a(_exit.o)
 .text.libgcc.fmul
                0x0000000000000000        0x0 c:/program files/microchip/xc8/v2.36/avr/bin/../lib/gcc/avr/5.4.0/avrxmega3/short-calls\libgcc.a(_exit.o)
 .text.libgcc.fixed
                0x0000000000000000        0x0 c:/program files/microchip/xc8/v2.36/avr/bin/../lib/gcc/avr/5.4.0/avrxmega3/short-calls\libgcc.a(_exit.o)

Memory Configuration

Name             Origin             Length             Attributes
text             0x0000000000000000 0x0000000000002000 xr
data             0x0000000000803e00 0x0000000000000200 rw !x
eeprom           0x0000000000810000 0x0000000000000080 rw !x
fuse             0x0000000000820000 0x000000000000000a rw !x
lock             0x0000000000830000 0x0000000000000400 rw !x
signature        0x0000000000840000 0x0000000000000400 rw !x
user_signatures  0x0000000000850000 0x0000000000000400 rw !x
*default*        0x0000000000000000 0xffffffffffffffff

Linker script and memory map

Address of section .data set to 0x803e00
                0x0000000000008000                __RODATA_PM_OFFSET__ = 0x8000
LOAD C:/Program Files (x86)/Atmel/Studio/7.0/Packs/atmel/ATtiny_DFP/1.10.348/xc8/avr/lib/avrxmega3/short-calls/crtattiny814.o
LOAD button_handler.o
LOAD main.o
LOAD output_control.o
LOAD Ws2812.o
START GROUP
LOAD c:/program files/microchip/xc8/v2.36/avr/bin/../lib/gcc/avr/5.4.0/../../../../avr/lib/avrxmega3/short-calls\libm.a
END GROUP
START GROUP
LOAD c:/program files/microchip/xc8/v2.36/avr/bin/../lib/gcc/avr/5.4.0/avrxmega3/short-calls\libgcc.a
LOAD c:/program files/microchip/xc8/v2.36/avr/bin/../lib/gcc/avr/5.4.0/../../../../avr/lib/avrxmega3/short-calls\libm.a
LOAD c:/program files/microchip/xc8/v2.36/avr/bin/../lib/gcc/avr/5.4.0/../../../../avr/lib/avrxmega3/short-calls\libc.a
LOAD C:/Program Files (x86)/Atmel/Studio/7.0/Packs/atmel/ATtiny_DFP/1.10.348/xc8/avr/lib/avrxmega3/short-calls\libattiny814.a
END GROUP
                [0x0000000000000000]                __TEXT_REGION_ORIGIN__ = DEFINED (__TEXT_REGION_ORIGIN__)?__TEXT_REGION_ORIGIN__:0x0
                [0x0000000000803e00]                __DATA_REGION_ORIGIN__ = DEFINED (__DATA_REGION_ORIGIN__)?__DATA_REGION_ORIGIN__:0x802000
                [0x0000000000002000]                __TEXT_REGION_LENGTH__ = DEFINED (__TEXT_REGION_LENGTH__)?__TEXT_REGION_LENGTH__:0x100000
                [0x0000000000000200]                __DATA_REGION_LENGTH__ = DEFINED (__DATA_REGION_LENGTH__)?__DATA_REGION_LENGTH__:0xffa0
                [0x0000000000000080]                __EEPROM_REGION_LENGTH__ = DEFINED (__EEPROM_REGION_LENGTH__)?__EEPROM_REGION_LENGTH__:0x10000
                [0x000000000000000a]                __FUSE_REGION_LENGTH__ = DEFINED (__FUSE_REGION_LENGTH__)?__FUSE_REGION_LENGTH__:0x400
                0x0000000000000400                __LOCK_REGION_LENGTH__ = DEFINED (__LOCK_REGION_LENGTH__)?__LOCK_REGION_LENGTH__:0x400
                0x0000000000000400                __SIGNATURE_REGION_LENGTH__ = DEFINED (__SIGNATURE_REGION_LENGTH__)?__SIGNATURE_REGION_LENGTH__:0x400
                0x0000000000000400                __USER_SIGNATURE_REGION_LENGTH__ = DEFINED (__USER_SIGNATURE_REGION_LENGTH__)?__USER_SIGNATURE_REGION_LENGTH__:0x400
                0x0000000000008000                __RODATA_PM_OFFSET__ = DEFINED (__RODATA_PM_OFFSET__)?__RODATA_PM_OFFSET__:0x8000

.hash
 *(.hash)

.dynsym
 *(.dynsym)

.dynstr
 *(.dynstr)

.gnu.version
 *(.gnu.version)

.gnu.version_d
 *(.gnu.version_d)

.gnu.version_r
 *(.gnu.version_r)

.rel.init
 *(.rel.init)

.rela.init
 *(.rela.init)

.rel.text
 *(.rel.text)
 *(.rel.text.*)
 *(.rel.gnu.linkonce.t*)

.rela.text
 *(.rela.text)
 *(.rela.text.*)
 *(.rela.gnu.linkonce.t*)

.rel.fini
 *(.rel.fini)

.rela.fini
 *(.rela.fini)

.rel.rodata
 *(.rel.rodata)
 *(.rel.rodata.*)
 *(.rel.gnu.linkonce.r*)

.rela.rodata
 *(.rela.rodata)
 *(.rela.rodata.*)
 *(.rela.gnu.linkonce.r*)

.rel.data
 *(.rel.data)
 *(.rel.data.*)
 *(.rel.gnu.linkonce.d*)

.rela.data
 *(.rela.data)
 *(.rela.data.*)
 *(.rela.gnu.linkonce.d*)

.rel.ctors
 *(.rel.ctors)

.rela.ctors
 *(.rela.ctors)

.rel.dtors
 *(.rel.dtors)

.rela.dtors
 *(.rela.dtors)

.rel.got
 *(.rel.got)

.rela.got
 *(.rela.got)

.rel.bss
 *(.rel.bss)

.rela.bss
 *(.rela.bss)

.rel.plt
 *(.rel.plt)

.rela.plt
 *(.rela.plt)

.text           0x0000000000000000       0xa2
 *(.vectors)
 .vectors       0x0000000000000000       0x34 C:/Program Files (x86)/Atmel/Studio/7.0/Packs/atmel/ATtiny_DFP/1.10.348/xc8/avr/lib/avrxmega3/short-calls/crtattiny814.o
                0x0000000000000000                __vector_default
                0x0000000000000000                __vectors
 *(.vectors)
 *(.progmem.gcc*)
 *(.dinit)
 .dinit         0x0000000000000034       0x1d data_init
                0x0000000000000052                . = ALIGN (0x2)
 *fill*         0x0000000000000051        0x1 
                0x0000000000000052                __trampolines_start = .
 *(.trampolines)
 .trampolines   0x0000000000000052        0x0 linker stubs
 *(.trampolines*)
                0x0000000000000052                __trampolines_end = .
 *libprintf_flt.a:*(.progmem.data)
 *libc.a:*(.progmem.data)
                0x0000000000000052                . = ALIGN (0x2)
 *(.jumptables)
 *(.jumptables*)
 *(.lowtext)
 *(.lowtext*)
                0x0000000000000052                __ctors_start = .
 *(.ctors)
                0x0000000000000052                __ctors_end = .
                0x0000000000000052                __dtors_start = .
 *(.dtors)
                0x0000000000000052                __dtors_end = .
 SORT(*)(.ctors)
 SORT(*)(.dtors)
 *(.init0)
 .init0         0x0000000000000052        0x0 C:/Program Files (x86)/Atmel/Studio/7.0/Packs/atmel/ATtiny_DFP/1.10.348/xc8/avr/lib/avrxmega3/short-calls/crtattiny814.o
                0x0000000000000052                __init
 *(.init0)
 *(.init1)
 *(.init1)
 *(.init2)
 .init2         0x0000000000000052        0xc C:/Program Files (x86)/Atmel/Studio/7.0/Packs/atmel/ATtiny_DFP/1.10.348/xc8/avr/lib/avrxmega3/short-calls/crtattiny814.o
 *(.init2)
 *(.init3)
 *(.init3)
 *(.init4)
 .init4         0x000000000000005e       0x3c c:/program files/microchip/xc8/v2.36/avr/bin/../lib/gcc/avr/5.4.0/avrxmega3/short-calls\libgcc.a(_copy_data.o)
                0x000000000000005e                __do_copy_data
                0x000000000000008c                __do_clear_bss
 *(.init4)
 *(.init5)
 *(.init5)
 *(.init6)
 *(.init6)
 *(.init7)
 *(.init7)
 *(.init8)
 *(.init8)
 *(.init9)
 .init9         0x000000000000009a        0x4 C:/Program Files (x86)/Atmel/Studio/7.0/Packs/atmel/ATtiny_DFP/1.10.348/xc8/avr/lib/avrxmega3/short-calls/crtattiny814.o
 *(.init9)
                0x000000000000009e                . = ALIGN (0x2)
 *(.fini9)
 .fini9         0x000000000000009e        0x0 c:/program files/microchip/xc8/v2.36/avr/bin/../lib/gcc/avr/5.4.0/avrxmega3/short-calls\libgcc.a(_exit.o)
                0x000000000000009e                _exit
 *(.fini9)
 *(.fini8)
 *(.fini8)
 *(.fini7)
 *(.fini7)
 *(.fini6)
 *(.fini6)
 *(.fini5)
 *(.fini5)
 *(.fini4)
 *(.fini4)
 *(.fini3)
 *(.fini3)
 *(.fini2)
 *(.fini2)
 *(.fini1)
 *(.fini1)
 *(.fini0)
 .fini0         0x000000000000009e        0x4 c:/program files/microchip/xc8/v2.36/avr/bin/../lib/gcc/avr/5.4.0/avrxmega3/short-calls\libgcc.a(_exit.o)
 *(.fini0)
                0x00000000000000a2                _etext = .

.data           0x0000000000803e00        0x0 load address 0x00000000000000a2
                [!provide]                        PROVIDE (__data_start, .)
 *(.gnu.linkonce.d*)
                0x0000000000803e00                . = ALIGN (0x2)
                0x0000000000803e00                _edata = .
                [!provide]                        PROVIDE (__data_end, .)

.bss            0x0000000000803e00       0x3c
                [!provide]                        PROVIDE (__bss_start, .)
 *(COMMON)
 COMMON         0x0000000000803e00       0x3c main.o
                0x0000000000803e00                led_strip
                [!provide]                        PROVIDE (__bss_end, .)
                0x00000000000000a2                __data_load_start = LOADADDR (.data)
                0x00000000000000a2                __data_load_end = (__data_load_start + SIZEOF (.data))

.noinit         0x0000000000803e3c        0x0
                [!provide]                        PROVIDE (__noinit_start, .)
 *(.noinit*)
                [!provide]                        PROVIDE (__noinit_end, .)
                0x0000000000803e3c                _end = .

.eeprom         0x0000000000810000        0x0
 *(.eeprom*)
                0x0000000000810000                __eeprom_end = .

.fuse
 *(.fuse)
 *(.lfuse)
 *(.hfuse)
 *(.efuse)

.lock
 *(.lock*)

.signature
 *(.signature*)

.user_signatures
 *(.user_signatures*)

.stab
 *(.stab)

.stabstr
 *(.stabstr)

.stab.excl
 *(.stab.excl)

.stab.exclstr
 *(.stab.exclstr)

.stab.index
 *(.stab.index)

.stab.indexstr
 *(.stab.indexstr)

.comment        0x0000000000000000       0x2f
 *(.comment)
 .comment       0x0000000000000000       0x2f button_handler.o
                                         0x30 (size before relaxing)
 .comment       0x000000000000002f       0x30 main.o
 .comment       0x000000000000002f       0x30 output_control.o
 .comment       0x000000000000002f       0x30 Ws2812.o
 .comment       0x000000000000002f       0x30 c:/program files/microchip/xc8/v2.36/avr/bin/../lib/gcc/avr/5.4.0/../../../../avr/lib/avrxmega3/short-calls\libc.a(exit.o)
 .comment       0x000000000000002f       0x30 c:/program files/microchip/xc8/v2.36/avr/bin/../lib/gcc/avr/5.4.0/../../../../avr/lib/avrxmega3/short-calls\libc.a(_Exit.o)

.stack.descriptors.hdr
                0x0000000000000000       0xe0
 .stack.descriptors.hdr
                0x0000000000000000        0xe c:/program files/microchip/xc8/v2.36/avr/bin/../lib/gcc/avr/5.4.0/../../../../avr/lib/avrxmega3/short-calls\libm.a(addsf3.o)
 .stack.descriptors.hdr
                0x000000000000000e        0xe c:/program files/microchip/xc8/v2.36/avr/bin/../lib/gcc/avr/5.4.0/../../../../avr/lib/avrxmega3/short-calls\libm.a(addsf3x.o)
 .stack.descriptors.hdr
                0x000000000000001c        0xe c:/program files/microchip/xc8/v2.36/avr/bin/../lib/gcc/avr/5.4.0/../../../../avr/lib/avrxmega3/short-calls\libm.a(divsf3.o)
 .stack.descriptors.hdr
                0x000000000000002a        0xe c:/program files/microchip/xc8/v2.36/avr/bin/../lib/gcc/avr/5.4.0/../../../../avr/lib/avrxmega3/short-calls\libm.a(divsf3x.o)
 .stack.descriptors.hdr
                0x0000000000000038        0xe c:/program files/microchip/xc8/v2.36/avr/bin/../lib/gcc/avr/5.4.0/../../../../avr/lib/avrxmega3/short-calls\libm.a(fixunssfsi.o)
 .stack.descriptors.hdr
                0x0000000000000046        0xe c:/program files/microchip/xc8/v2.36/avr/bin/../lib/gcc/avr/5.4.0/../../../../avr/lib/avrxmega3/short-calls\libm.a(floatsisf.o)
 .stack.descriptors.hdr
                0x0000000000000054        0xe c:/program files/microchip/xc8/v2.36/avr/bin/../lib/gcc/avr/5.4.0/../../../../avr/lib/avrxmega3/short-calls\libm.a(fp_inf.o)
 .stack.descriptors.hdr
                0x0000000000000062        0xe c:/program files/microchip/xc8/v2.36/avr/bin/../lib/gcc/avr/5.4.0/../../../../avr/lib/avrxmega3/short-calls\libm.a(fp_nan.o)
 .stack.descriptors.hdr
                0x0000000000000070        0xe c:/program files/microchip/xc8/v2.36/avr/bin/../lib/gcc/avr/5.4.0/../../../../avr/lib/avrxmega3/short-calls\libm.a(fp_pscA.o)
 .stack.descriptors.hdr
                0x000000000000007e        0xe c:/program files/microchip/xc8/v2.36/avr/bin/../lib/gcc/avr/5.4.0/../../../../avr/lib/avrxmega3/short-calls\libm.a(fp_pscB.o)
 .stack.descriptors.hdr
                0x000000000000008c        0xe c:/program files/microchip/xc8/v2.36/avr/bin/../lib/gcc/avr/5.4.0/../../../../avr/lib/avrxmega3/short-calls\libm.a(fp_round.o)
 .stack.descriptors.hdr
                0x000000000000009a        0xe c:/program files/microchip/xc8/v2.36/avr/bin/../lib/gcc/avr/5.4.0/../../../../avr/lib/avrxmega3/short-calls\libm.a(fp_split3.o)
 .stack.descriptors.hdr
                0x00000000000000a8        0xe c:/program files/microchip/xc8/v2.36/avr/bin/../lib/gcc/avr/5.4.0/../../../../avr/lib/avrxmega3/short-calls\libm.a(fp_zero.o)
 .stack.descriptors.hdr
                0x00000000000000b6        0xe c:/program files/microchip/xc8/v2.36/avr/bin/../lib/gcc/avr/5.4.0/../../../../avr/lib/avrxmega3/short-calls\libm.a(mulsf3.o)
 .stack.descriptors.hdr
                0x00000000000000c4        0xe c:/program files/microchip/xc8/v2.36/avr/bin/../lib/gcc/avr/5.4.0/../../../../avr/lib/avrxmega3/short-calls\libm.a(mulsf3x.o)
 .stack.descriptors.hdr
                0x00000000000000d2        0xe c:/program files/microchip/xc8/v2.36/avr/bin/../lib/gcc/avr/5.4.0/avrxmega3/short-calls\libgcc.a(_exit.o)

.note.GNU-stack
                0x0000000000000000        0x0
 .note.GNU-stack
                0x0000000000000000        0x0 c:/program files/microchip/xc8/v2.36/avr/bin/../lib/gcc/avr/5.4.0/../../../../avr/lib/avrxmega3/short-calls\libm.a(addsf3.o)
 .note.GNU-stack
                0x0000000000000000        0x0 c:/program files/microchip/xc8/v2.36/avr/bin/../lib/gcc/avr/5.4.0/../../../../avr/lib/avrxmega3/short-calls\libm.a(addsf3x.o)
 .note.GNU-stack
                0x0000000000000000        0x0 c:/program files/microchip/xc8/v2.36/avr/bin/../lib/gcc/avr/5.4.0/../../../../avr/lib/avrxmega3/short-calls\libm.a(divsf3.o)
 .note.GNU-stack
                0x0000000000000000        0x0 c:/program files/microchip/xc8/v2.36/avr/bin/../lib/gcc/avr/5.4.0/../../../../avr/lib/avrxmega3/short-calls\libm.a(divsf3x.o)
 .note.GNU-stack
                0x0000000000000000        0x0 c:/program files/microchip/xc8/v2.36/avr/bin/../lib/gcc/avr/5.4.0/../../../../avr/lib/avrxmega3/short-calls\libm.a(fixunssfsi.o)
 .note.GNU-stack
                0x0000000000000000        0x0 c:/program files/microchip/xc8/v2.36/avr/bin/../lib/gcc/avr/5.4.0/../../../../avr/lib/avrxmega3/short-calls\libm.a(floatsisf.o)
 .note.GNU-stack
                0x0000000000000000        0x0 c:/program files/microchip/xc8/v2.36/avr/bin/../lib/gcc/avr/5.4.0/../../../../avr/lib/avrxmega3/short-calls\libm.a(fp_inf.o)
 .note.GNU-stack
                0x0000000000000000        0x0 c:/program files/microchip/xc8/v2.36/avr/bin/../lib/gcc/avr/5.4.0/../../../../avr/lib/avrxmega3/short-calls\libm.a(fp_nan.o)
 .note.GNU-stack
                0x0000000000000000        0x0 c:/program files/microchip/xc8/v2.36/avr/bin/../lib/gcc/avr/5.4.0/../../../../avr/lib/avrxmega3/short-calls\libm.a(fp_pscA.o)
 .note.GNU-stack
                0x0000000000000000        0x0 c:/program files/microchip/xc8/v2.36/avr/bin/../lib/gcc/avr/5.4.0/../../../../avr/lib/avrxmega3/short-calls\libm.a(fp_pscB.o)
 .note.GNU-stack
                0x0000000000000000        0x0 c:/program files/microchip/xc8/v2.36/avr/bin/../lib/gcc/avr/5.4.0/../../../../avr/lib/avrxmega3/short-calls\libm.a(fp_round.o)
 .note.GNU-stack
                0x0000000000000000        0x0 c:/program files/microchip/xc8/v2.36/avr/bin/../lib/gcc/avr/5.4.0/../../../../avr/lib/avrxmega3/short-calls\libm.a(fp_split3.o)
 .note.GNU-stack
                0x0000000000000000        0x0 c:/program files/microchip/xc8/v2.36/avr/bin/../lib/gcc/avr/5.4.0/../../../../avr/lib/avrxmega3/short-calls\libm.a(fp_zero.o)
 .note.GNU-stack
                0x0000000000000000        0x0 c:/program files/microchip/xc8/v2.36/avr/bin/../lib/gcc/avr/5.4.0/../../../../avr/lib/avrxmega3/short-calls\libm.a(mulsf3.o)
 .note.GNU-stack
                0x0000000000000000        0x0 c:/program files/microchip/xc8/v2.36/avr/bin/../lib/gcc/avr/5.4.0/../../../../avr/lib/avrxmega3/short-calls\libm.a(mulsf3x.o)
 .note.GNU-stack
                0x0000000000000000        0x0 c:/program files/microchip/xc8/v2.36/avr/bin/../lib/gcc/avr/5.4.0/../../../../avr/lib/avrxmega3/short-calls\libc.a(exit.o)
 .note.GNU-stack
                0x0000000000000000        0x0 c:/program files/microchip/xc8/v2.36/avr/bin/../lib/gcc/avr/5.4.0/../../../../avr/lib/avrxmega3/short-calls\libc.a(_Exit.o)

.note.gnu.build-id
 *(.note.gnu.build-id)

.debug
 *(.debug)

.line
 *(.line)

.debug_srcinfo
 *(.debug_srcinfo)

.debug_sfnames
 *(.debug_sfnames)

.debug_aranges  0x0000000000000000      0x130
 *(.debug_aranges)
 .debug_aranges
                0x0000000000000000       0x28 button_handler.o
 .debug_aranges
                0x0000000000000028       0x48 main.o
 .debug_aranges
                0x0000000000000070       0x78 output_control.o
 .debug_aranges
                0x00000000000000e8       0x48 Ws2812.o

.debug_pubnames
 *(.debug_pubnames)

.debug_info     0x0000000000000000     0x5354
 *(.debug_info .gnu.linkonce.wi.*)
 .debug_info    0x0000000000000000     0x1566 C:/Program Files (x86)/Atmel/Studio/7.0/Packs/atmel/ATtiny_DFP/1.10.348/xc8/avr/lib/avrxmega3/short-calls/crtattiny814.o
 .debug_info    0x0000000000001566      0x6fd button_handler.o
 .debug_info    0x0000000000001c63      0xc44 main.o
 .debug_info    0x00000000000028a7     0x22c6 output_control.o
 .debug_info    0x0000000000004b6d      0x7e7 Ws2812.o

.debug_abbrev   0x0000000000000000     0x1c89
 *(.debug_abbrev)
 .debug_abbrev  0x0000000000000000     0x143e C:/Program Files (x86)/Atmel/Studio/7.0/Packs/atmel/ATtiny_DFP/1.10.348/xc8/avr/lib/avrxmega3/short-calls/crtattiny814.o
 .debug_abbrev  0x000000000000143e      0x165 button_handler.o
 .debug_abbrev  0x00000000000015a3      0x238 main.o
 .debug_abbrev  0x00000000000017db      0x2e4 output_control.o
 .debug_abbrev  0x0000000000001abf      0x1ca Ws2812.o

.debug_line     0x0000000000000000      0xfe1
 *(.debug_line .debug_line.* .debug_line_end)
 .debug_line    0x0000000000000000      0x136 C:/Program Files (x86)/Atmel/Studio/7.0/Packs/atmel/ATtiny_DFP/1.10.348/xc8/avr/lib/avrxmega3/short-calls/crtattiny814.o
 .debug_line    0x0000000000000136      0x22b button_handler.o
 .debug_line    0x0000000000000361      0x391 main.o
 .debug_line    0x00000000000006f2      0x641 output_control.o
 .debug_line    0x0000000000000d33      0x2ae Ws2812.o

.debug_frame    0x0000000000000000      0x2c0
 *(.debug_frame)
 .debug_frame   0x0000000000000000       0x48 button_handler.o
 .debug_frame   0x0000000000000048       0xac main.o
 .debug_frame   0x00000000000000f4      0x120 output_control.o
 .debug_frame   0x0000000000000214       0xac Ws2812.o

.debug_str      0x0000000000000000      0xa2b
 *(.debug_str)
 .debug_str     0x0000000000000000      0x921 C:/Program Files (x86)/Atmel/Studio/7.0/Packs/atmel/ATtiny_DFP/1.10.348/xc8/avr/lib/avrxmega3/short-calls/crtattiny814.o
 .debug_str     0x0000000000000921        0x0 button_handler.o
 .debug_str     0x0000000000000921       0x84 main.o
 .debug_str     0x00000000000009a5       0x86 output_control.o
 .debug_str     0x0000000000000a2b        0x0 Ws2812.o

.debug_loc      0x0000000000000000      0xaaf
 *(.debug_loc)
 .debug_loc     0x0000000000000000      0x118 button_handler.o
 .debug_loc     0x0000000000000118      0x1e4 main.o
 .debug_loc     0x00000000000002fc      0x4cd output_control.o
 .debug_loc     0x00000000000007c9      0x2e6 Ws2812.o

.debug_macinfo
 *(.debug_macinfo)

.debug_weaknames
 *(.debug_weaknames)

.debug_funcnames
 *(.debug_funcnames)

.debug_typenames
 *(.debug_typenames)

.debug_varnames
 *(.debug_varnames)

.debug_pubtypes
 *(.debug_pubtypes)

.debug_ranges   0x0000000000000000      0x108
 *(.debug_ranges)
 .debug_ranges  0x0000000000000000       0x18 button_handler.o
 .debug_ranges  0x0000000000000018       0x38 main.o
 .debug_ranges  0x0000000000000050       0x80 output_control.o
 .debug_ranges  0x00000000000000d0       0x38 Ws2812.o

.debug_macro
 *(.debug_macro)
OUTPUT(Blinker_light_controller.elf elf32-avr)
LOAD linker stubs
LOAD data_init

.note.gnu.avr.deviceinfo
                0x0000000000000000       0x3c
 .note.gnu.avr.deviceinfo
                0x0000000000000000       0x3c C:/Program Files (x86)/Atmel/Studio/7.0/Packs/atmel/ATtiny_DFP/1.10.348/xc8/avr/lib/avrxmega3/short-calls/crtattiny814.o

.bss.blinker_left
                0x0000000000803e3c        0x4
 .bss.blinker_left
                0x0000000000803e3c        0x4 button_handler.o
                0x0000000000803e3c                blinker_left

.bss.blinker_right
                0x0000000000803e40        0x4
 .bss.blinker_right
                0x0000000000803e40        0x4 button_handler.o
                0x0000000000803e40                blinker_right

.bss.blinker_middle
                0x0000000000803e44        0x4
 .bss.blinker_middle
                0x0000000000803e44        0x4 button_handler.o
                0x0000000000803e44                blinker_middle

.bss.buttonflag
                0x0000000000803e48        0x1
 .bss.buttonflag
                0x0000000000803e48        0x1 main.o
                0x0000000000803e48                buttonflag

.bss.battery_voltage
                0x0000000000803e49        0x1
 .bss.battery_voltage
                0x0000000000803e49        0x1 main.o
                0x0000000000803e49                battery_voltage

.bss.PWM_pros   0x0000000000803e4b        0x1
 .bss.PWM_pros  0x0000000000803e4b        0x1 main.o
                0x0000000000803e4b                PWM_pros

.bss.highbeam   0x0000000000803e4c        0x1
 .bss.highbeam  0x0000000000803e4c        0x1 main.o
                0x0000000000803e4c                highbeam

.bss.SHIFT_REG  0x0000000000803e53        0x1
 .bss.SHIFT_REG
                0x0000000000803e53        0x1 output_control.o
                0x0000000000803e53                SHIFT_REG

.text.state_machine
                0x00000000000000a2      0x112
 .text.state_machine
                0x00000000000000a2      0x112 main.o
                0x00000000000000a2                state_machine

.text.setup_control
                0x00000000000001b4       0xee
 .text.setup_control
                0x00000000000001b4       0xee output_control.o
                0x00000000000001b4                setup_control

.text.blinker   0x00000000000002a2       0xe0
 .text.blinker  0x00000000000002a2       0xe0 output_control.o
                0x00000000000002a2                blinker

.text           0x0000000000000382       0xce
 .text          0x0000000000000382       0xce c:/program files/microchip/xc8/v2.36/avr/bin/../lib/gcc/avr/5.4.0/../../../../avr/lib/avrxmega3/short-calls\libm.a(divsf3x.o)
                0x0000000000000382                __divsf3x
                0x000000000000039e                __divsf3_pse

.text           0x0000000000000450       0xc4
 .text          0x0000000000000450       0xc4 c:/program files/microchip/xc8/v2.36/avr/bin/../lib/gcc/avr/5.4.0/../../../../avr/lib/avrxmega3/short-calls\libm.a(mulsf3x.o)
                0x0000000000000450                __mulsf3x
                0x000000000000046a                __mulsf3_pse

.text           0x0000000000000514       0xc2
 .text          0x0000000000000514       0xc2 c:/program files/microchip/xc8/v2.36/avr/bin/../lib/gcc/avr/5.4.0/../../../../avr/lib/avrxmega3/short-calls\libm.a(addsf3x.o)
                0x0000000000000514                __addsf3x

.text.update_buttons
                0x00000000000005d6       0xbe
 .text.update_buttons
                0x00000000000005d6       0xbe button_handler.o
                0x00000000000005d6                update_buttons

.text.set_ledbar
                0x0000000000000694       0x90
 .text.set_ledbar
                0x0000000000000694       0x90 output_control.o
                0x0000000000000694                set_ledbar

.text.read_voltage
                0x0000000000000724       0x88
 .text.read_voltage
                0x0000000000000724       0x88 output_control.o
                0x0000000000000724                read_voltage

.text.sendBit   0x00000000000007ac       0x86
 .text.sendBit  0x00000000000007ac       0x86 Ws2812.o
                0x00000000000007ac                sendBit

.text           0x0000000000000832       0x7a
 .text          0x0000000000000832       0x7a c:/program files/microchip/xc8/v2.36/avr/bin/../lib/gcc/avr/5.4.0/../../../../avr/lib/avrxmega3/short-calls\libm.a(floatsisf.o)
                0x0000000000000832                __floatunsisf
                0x0000000000000836                __floatsisf

.text.wakeup_effect
                0x00000000000008ac       0x70
 .text.wakeup_effect
                0x00000000000008ac       0x70 output_control.o
                0x00000000000008ac                wakeup_effect

.text.main      0x000000000000091c       0x66
 .text.main     0x000000000000091c       0x66 main.o
                0x000000000000091c                main

.text.rgb_effect
                0x0000000000000982       0x5e
 .text.rgb_effect
                0x0000000000000982       0x5e output_control.o
                0x0000000000000982                rgb_effect

.text           0x00000000000009e0       0x58
 .text          0x00000000000009e0       0x58 c:/program files/microchip/xc8/v2.36/avr/bin/../lib/gcc/avr/5.4.0/../../../../avr/lib/avrxmega3/short-calls\libm.a(fixunssfsi.o)
                0x00000000000009e0                __fixunssfsi

.text.blink_code
                0x0000000000000a38       0x4c
 .text.blink_code
                0x0000000000000a38       0x4c main.o
                0x0000000000000a38                blink_code

.text           0x0000000000000a84       0x44
 .text          0x0000000000000a84       0x44 c:/program files/microchip/xc8/v2.36/avr/bin/../lib/gcc/avr/5.4.0/../../../../avr/lib/avrxmega3/short-calls\libm.a(fp_split3.o)
                0x0000000000000a84                __fp_split3
                0x0000000000000a94                __fp_splitA

.text.update_sft_reg
                0x0000000000000ac8       0x3e
 .text.update_sft_reg
                0x0000000000000ac8       0x3e output_control.o
                0x0000000000000ac8                update_sft_reg

.text.rear_blinker
                0x0000000000000b06       0x3e
 .text.rear_blinker
                0x0000000000000b06       0x3e output_control.o
                0x0000000000000b06                rear_blinker

.text.send_byte
                0x0000000000000b44       0x3a
 .text.send_byte
                0x0000000000000b44       0x3a Ws2812.o
                0x0000000000000b44                send_byte

.text.update_strip
                0x0000000000000b7e       0x3a
 .text.update_strip
                0x0000000000000b7e       0x3a Ws2812.o
                0x0000000000000b7e                update_strip

.text.update_mode
                0x0000000000000bb8       0x2a
 .text.update_mode
                0x0000000000000bb8       0x2a main.o
                0x0000000000000bb8                update_mode

.text.fill_color
                0x0000000000000be2       0x2a
 .text.fill_color
                0x0000000000000be2       0x2a Ws2812.o
                0x0000000000000be2                fill_color

.text.__vector_3
                0x0000000000000c0c       0x24
 .text.__vector_3
                0x0000000000000c0c       0x24 main.o
                0x0000000000000c0c                __vector_3

.text.wait_ms   0x0000000000000c30       0x24
 .text.wait_ms  0x0000000000000c30       0x24 output_control.o
                0x0000000000000c30                wait_ms

.text           0x0000000000000c54       0x22
 .text          0x0000000000000c54       0x22 c:/program files/microchip/xc8/v2.36/avr/bin/../lib/gcc/avr/5.4.0/../../../../avr/lib/avrxmega3/short-calls\libm.a(fp_round.o)
                0x0000000000000c54                __fp_round

.text.reset_buttons
                0x0000000000000c76       0x1a
 .text.reset_buttons
                0x0000000000000c76       0x1a button_handler.o
                0x0000000000000c76                reset_buttons

.text.update_highbeam
                0x0000000000000c90       0x1a
 .text.update_highbeam
                0x0000000000000c90       0x1a output_control.o
                0x0000000000000c90                update_highbeam

.text.send_pixel
                0x0000000000000caa       0x18
 .text.send_pixel
                0x0000000000000caa       0x18 Ws2812.o
                0x0000000000000caa                send_pixel

.text.send_reset
                0x0000000000000cc2       0x16
 .text.send_reset
                0x0000000000000cc2       0x16 Ws2812.o
                0x0000000000000cc2                send_reset

.text.setup     0x0000000000000cd8       0x12
 .text.setup    0x0000000000000cd8       0x12 main.o
                0x0000000000000cd8                setup

.text           0x0000000000000cea        0xe
 .text          0x0000000000000cea        0xe c:/program files/microchip/xc8/v2.36/avr/bin/../lib/gcc/avr/5.4.0/../../../../avr/lib/avrxmega3/short-calls\libm.a(fp_pscA.o)
                0x0000000000000cea                __fp_pscA

.text           0x0000000000000cf8        0xe
 .text          0x0000000000000cf8        0xe c:/program files/microchip/xc8/v2.36/avr/bin/../lib/gcc/avr/5.4.0/../../../../avr/lib/avrxmega3/short-calls\libm.a(fp_pscB.o)
                0x0000000000000cf8                __fp_pscB

.text           0x0000000000000d06        0xe
 .text          0x0000000000000d06        0xe c:/program files/microchip/xc8/v2.36/avr/bin/../lib/gcc/avr/5.4.0/../../../../avr/lib/avrxmega3/short-calls\libm.a(fp_zero.o)
                0x0000000000000d06                __fp_zero
                0x0000000000000d08                __fp_szero

.text.exit      0x0000000000000d14        0xe
 .text.exit     0x0000000000000d14        0xe c:/program files/microchip/xc8/v2.36/avr/bin/../lib/gcc/avr/5.4.0/../../../../avr/lib/avrxmega3/short-calls\libc.a(exit.o)
                0x0000000000000d14                exit

.text           0x0000000000000d22        0xc
 .text          0x0000000000000d22        0xc c:/program files/microchip/xc8/v2.36/avr/bin/../lib/gcc/avr/5.4.0/../../../../avr/lib/avrxmega3/short-calls\libm.a(fp_inf.o)
                0x0000000000000d22                __fp_inf

.text.millis    0x0000000000000d2e        0xa
 .text.millis   0x0000000000000d2e        0xa output_control.o
                0x0000000000000d2e                millis

.text           0x0000000000000d38        0xa
 .text          0x0000000000000d38        0xa c:/program files/microchip/xc8/v2.36/avr/bin/../lib/gcc/avr/5.4.0/../../../../avr/lib/avrxmega3/short-calls\libm.a(addsf3.o)
                0x0000000000000d38                __subsf3
                0x0000000000000d3a                __addsf3

.text           0x0000000000000d42        0x6
 .text          0x0000000000000d42        0x6 c:/program files/microchip/xc8/v2.36/avr/bin/../lib/gcc/avr/5.4.0/../../../../avr/lib/avrxmega3/short-calls\libm.a(fp_nan.o)
                0x0000000000000d42                __fp_nan

.text           0x0000000000000d48        0x4
 .text          0x0000000000000d48        0x4 c:/program files/microchip/xc8/v2.36/avr/bin/../lib/gcc/avr/5.4.0/../../../../avr/lib/avrxmega3/short-calls\libm.a(divsf3.o)
                0x0000000000000d48                __divsf3

.text           0x0000000000000d4c        0x4
 .text          0x0000000000000d4c        0x4 c:/program files/microchip/xc8/v2.36/avr/bin/../lib/gcc/avr/5.4.0/../../../../avr/lib/avrxmega3/short-calls\libm.a(mulsf3.o)
                0x0000000000000d4c                __mulsf3

.text           0x0000000000000d50        0x2
 .text          0x0000000000000d50        0x2 C:/Program Files (x86)/Atmel/Studio/7.0/Packs/atmel/ATtiny_DFP/1.10.348/xc8/avr/lib/avrxmega3/short-calls/crtattiny814.o
                0x0000000000000d50                __vector_22
                0x0000000000000d50                __vector_1
                0x0000000000000d50                __vector_24
                0x0000000000000d50                __vector_12
                0x0000000000000d50                __bad_interrupt
                0x0000000000000d50                __vector_6
                0x0000000000000d50                __vector_23
                0x0000000000000d50                __vector_25
                0x0000000000000d50                __vector_11
                0x0000000000000d50                __vector_13
                0x0000000000000d50                __vector_17
                0x0000000000000d50                __vector_19
                0x0000000000000d50                __vector_7
                0x0000000000000d50                __vector_5
                0x0000000000000d50                __vector_4
                0x0000000000000d50                __vector_9
                0x0000000000000d50                __vector_2
                0x0000000000000d50                __vector_21
                0x0000000000000d50                __vector_15
                0x0000000000000d50                __vector_8
                0x0000000000000d50                __vector_14
                0x0000000000000d50                __vector_10
                0x0000000000000d50                __vector_16
                0x0000000000000d50                __vector_18
                0x0000000000000d50                __vector_20

.text.__dummy_fini
                0x0000000000000d52        0x2
 .text.__dummy_fini
                0x0000000000000d52        0x2 c:/program files/microchip/xc8/v2.36/avr/bin/../lib/gcc/avr/5.4.0/../../../../avr/lib/avrxmega3/short-calls\libc.a(exit.o)
                0x0000000000000d52                _fini

.text.__dummy_funcs_on_exit
                0x0000000000000d54        0x2
 .text.__dummy_funcs_on_exit
                0x0000000000000d54        0x2 c:/program files/microchip/xc8/v2.36/avr/bin/../lib/gcc/avr/5.4.0/../../../../avr/lib/avrxmega3/short-calls\libc.a(exit.o)
                0x0000000000000d54                __funcs_on_exit

.text.__dummy_simulator_exit
                0x0000000000000d56        0x2
 .text.__dummy_simulator_exit
                0x0000000000000d56        0x2 c:/program files/microchip/xc8/v2.36/avr/bin/../lib/gcc/avr/5.4.0/../../../../avr/lib/avrxmega3/short-calls\libc.a(exit.o)
                0x0000000000000d56                __simulator_exit

.text._Exit     0x0000000000000d58        0x2
 .text._Exit    0x0000000000000d58        0x2 c:/program files/microchip/xc8/v2.36/avr/bin/../lib/gcc/avr/5.4.0/../../../../avr/lib/avrxmega3/short-calls\libc.a(_Exit.o)
                0x0000000000000d58                _Exit

.data.light_value
                0x0000000000803e4a        0x1 load address 0x0000000000000d5a
 .data.light_value
                0x0000000000803e4a        0x1 main.o
                0x0000000000803e4a                light_value

.data.limiter   0x0000000000803e4d        0x1 load address 0x0000000000000d5b
 .data.limiter  0x0000000000803e4d        0x1 main.o
                0x0000000000803e4d                limiter

.data.ledpin    0x0000000000803e4e        0x1 load address 0x0000000000000d5c
 .data.ledpin   0x0000000000803e4e        0x1 main.o
                0x0000000000803e4e                ledpin

.data.state     0x0000000000803e4f        0x1 load address 0x0000000000000d5d
 .data.state    0x0000000000803e4f        0x1 main.o
                0x0000000000803e4f                state

.data.Blue      0x0000000000803e50        0x1 load address 0x0000000000000d5e
 .data.Blue     0x0000000000803e50        0x1 output_control.o
                0x0000000000803e50                Blue

.data.Green     0x0000000000803e51        0x1 load address 0x0000000000000d5f
 .data.Green    0x0000000000803e51        0x1 output_control.o
                0x0000000000803e51                Green

.data.Red       0x0000000000803e52        0x1 load address 0x0000000000000d60
 .data.Red      0x0000000000803e52        0x1 output_control.o
                0x0000000000803e52                Red
